// Jest Snapshot v1, https://goo.gl/fbAQLP

exports[`Takes a snapshot of the component 1`] = `
<div
  className="random-class bg-black p-2 border-solid border-l-4"
>
  <h3
    className="text-white text-lg md:text-xl"
  >
    A special announcement
  </h3>
  <p
    className="text-black text-base pt-2 pb-2"
  >
    This component will contain a special message
  </p>
</div>
`;
