// Jest Snapshot v1, https://goo.gl/fbAQLP

exports[`Takes a snapshot of the component 1`] = `
<div
  className="pt-4 pb-4"
>
  <img
    alt="A test image"
    className="block ml-auto mr-auto w-full sm:w-128"
    src="/testing/image.png"
  />
  <p
    className="ml-auto mr-auto pt-1 text-sm text-color-image-comment w-full sm:w-128"
  >
    This is a test text
  </p>
</div>
`;
